[    0.000000] Linux version 4.15.0-88-generic (buildd@lgw01-amd64-036) (gcc version 7.4.0 (Ubuntu 7.4.0-1ubuntu1~18.04.1)) #88-Ubuntu SMP Tue Feb 11 20:11:34 UTC 2020 (Ubuntu 4.15.0-88.88-generic 4.15.18)
[    0.000000] Command line: BOOT_IMAGE=/boot/vmlinuz-4.15.0-88-generic root=LABEL=cloudimg-rootfs ro console=tty1 console=ttyS0
[    0.000000] KERNEL supported cpus:
[    0.000000]   Intel GenuineIntel
[    0.000000]   AMD AuthenticAMD
[    0.000000]   Centaur CentaurHauls
[    0.000000] x86/fpu: Supporting XSAVE feature 0x001: 'x87 floating point registers'
[    0.000000] x86/fpu: Supporting XSAVE feature 0x002: 'SSE registers'
[    0.000000] x86/fpu: Supporting XSAVE feature 0x004: 'AVX registers'
[    0.000000] x86/fpu: xstate_offset[2]:  576, xstate_sizes[2]:  256
[    0.000000] x86/fpu: Enabled xstate features 0x7, context size is 832 bytes, using 'standard' format.
[    0.000000] e820: BIOS-provided physical RAM map:
[    0.000000] BIOS-e820: [mem 0x0000000000000000-0x000000000009fbff] usable
[    0.000000] BIOS-e820: [mem 0x000000000009fc00-0x000000000009ffff] reserved
[    0.000000] BIOS-e820: [mem 0x00000000000f0000-0x00000000000fffff] reserved
[    0.000000] BIOS-e820: [mem 0x0000000000100000-0x000000003ffeffff] usable
[    0.000000] BIOS-e820: [mem 0x000000003fff0000-0x000000003fffffff] ACPI data
[    0.000000] BIOS-e820: [mem 0x00000000fec00000-0x00000000fec00fff] reserved
[    0.000000] BIOS-e820: [mem 0x00000000fee00000-0x00000000fee00fff] reserved
[    0.000000] BIOS-e820: [mem 0x00000000fffc0000-0x00000000ffffffff] reserved
[    0.000000] NX (Execute Disable) protection: active
[    0.000000] SMBIOS 2.5 present.
[    0.000000] DMI: innotek GmbH VirtualBox/VirtualBox, BIOS VirtualBox 12/01/2006
[    0.000000] Hypervisor detected: KVM
[    0.000000] e820: last_pfn = 0x3fff0 max_arch_pfn = 0x400000000
[    0.000000] MTRR: Disabled
[    0.000000] x86/PAT: MTRRs disabled, skipping PAT initialization too.
[    0.000000] CPU MTRRs all blank - virtualized system.
[    0.000000] x86/PAT: Configuration [0-7]: WB  WT  UC- UC  WB  WT  UC- UC  
[    0.000000] found SMP MP-table at [mem 0x0009fff0-0x0009ffff]
[    0.000000] Scanning 1 areas for low memory corruption
[    0.000000] RAMDISK: [mem 0x35a6d000-0x36d2dfff]
[    0.000000] ACPI: Early table checksum verification disabled
[    0.000000] ACPI: RSDP 0x00000000000E0000 000024 (v02 VBOX  )
[    0.000000] ACPI: XSDT 0x000000003FFF0030 00003C (v01 VBOX   VBOXXSDT 00000001 ASL  00000061)
[    0.000000] ACPI: FACP 0x000000003FFF00F0 0000F4 (v04 VBOX   VBOXFACP 00000001 ASL  00000061)
[    0.000000] ACPI: DSDT 0x000000003FFF0470 002325 (v02 VBOX   VBOXBIOS 00000002 INTL 20100528)
[    0.000000] ACPI: FACS 0x000000003FFF0200 000040
[    0.000000] ACPI: FACS 0x000000003FFF0200 000040
[    0.000000] ACPI: APIC 0x000000003FFF0240 00005C (v02 VBOX   VBOXAPIC 00000001 ASL  00000061)
[    0.000000] ACPI: SSDT 0x000000003FFF02A0 0001CC (v01 VBOX   VBOXCPUT 00000002 INTL 20100528)
[    0.000000] No NUMA configuration found
[    0.000000] Faking a node at [mem 0x0000000000000000-0x000000003ffeffff]
[    0.000000] NODE_DATA(0) allocated [mem 0x3ffc5000-0x3ffeffff]
[    0.000000] kvm-clock: cpu 0, msr 0:3ff44001, primary cpu clock
[    0.000000] kvm-clock: Using msrs 4b564d01 and 4b564d00
[    0.000000] kvm-clock: using sched offset of 9051413720 cycles
[    0.000000] clocksource: kvm-clock: mask: 0xffffffffffffffff max_cycles: 0x1cd42e4dffb, max_idle_ns: 881590591483 ns
[    0.000000] Zone ranges:
[    0.000000]   DMA      [mem 0x0000000000001000-0x0000000000ffffff]
[    0.000000]   DMA32    [mem 0x0000000001000000-0x000000003ffeffff]
[    0.000000]   Normal   empty
[    0.000000]   Device   empty
[    0.000000] Movable zone start for each node
[    0.000000] Early memory node ranges
[    0.000000]   node   0: [mem 0x0000000000001000-0x000000000009efff]
[    0.000000]   node   0: [mem 0x0000000000100000-0x000000003ffeffff]
[    0.000000] Reserved but unavailable: 98 pages
[    0.000000] Initmem setup node 0 [mem 0x0000000000001000-0x000000003ffeffff]
[    0.000000] ACPI: PM-Timer IO Port: 0x4008
[    0.000000] IOAPIC[0]: apic_id 2, version 32, address 0xfec00000, GSI 0-23
[    0.000000] ACPI: INT_SRC_OVR (bus 0 bus_irq 0 global_irq 2 dfl dfl)
[    0.000000] ACPI: INT_SRC_OVR (bus 0 bus_irq 9 global_irq 9 low level)
[    0.000000] Using ACPI (MADT) for SMP configuration information
[    0.000000] smpboot: Allowing 2 CPUs, 0 hotplug CPUs
[    0.000000] PM: Registered nosave memory: [mem 0x00000000-0x00000fff]
[    0.000000] PM: Registered nosave memory: [mem 0x0009f000-0x0009ffff]
[    0.000000] PM: Registered nosave memory: [mem 0x000a0000-0x000effff]
[    0.000000] PM: Registered nosave memory: [mem 0x000f0000-0x000fffff]
[    0.000000] e820: [mem 0x40000000-0xfebfffff] available for PCI devices
[    0.000000] Booting paravirtualized kernel on KVM
[    0.000000] clocksource: refined-jiffies: mask: 0xffffffff max_cycles: 0xffffffff, max_idle_ns: 7645519600211568 ns
[    0.000000] random: get_random_bytes called from start_kernel+0x99/0x4fd with crng_init=0
[    0.000000] setup_percpu: NR_CPUS:8192 nr_cpumask_bits:2 nr_cpu_ids:2 nr_node_ids:1
[    0.000000] percpu: Embedded 45 pages/cpu s147456 r8192 d28672 u1048576
[    0.000000] PV qspinlock hash table entries: 256 (order: 0, 4096 bytes)
[    0.000000] Built 1 zonelists, mobility grouping on.  Total pages: 257913
[    0.000000] Policy zone: DMA32
[    0.000000] Kernel command line: BOOT_IMAGE=/boot/vmlinuz-4.15.0-88-generic root=LABEL=cloudimg-rootfs ro console=tty1 console=ttyS0
[    0.000000] Memory: 983068K/1048120K available (12300K kernel code, 2481K rwdata, 4264K rodata, 2428K init, 2712K bss, 65052K reserved, 0K cma-reserved)
[    0.000000] SLUB: HWalign=64, Order=0-3, MinObjects=0, CPUs=2, Nodes=1
[    0.000000] Kernel/User page tables isolation: enabled
[    0.000000] ftrace: allocating 39344 entries in 154 pages
[    0.004000] Hierarchical RCU implementation.
[    0.004000] 	RCU restricting CPUs from NR_CPUS=8192 to nr_cpu_ids=2.
[    0.004000] 	Tasks RCU enabled.
[    0.004000] RCU: Adjusting geometry for rcu_fanout_leaf=16, nr_cpu_ids=2
[    0.004000] NR_IRQS: 524544, nr_irqs: 440, preallocated irqs: 16
[    0.004000] Console: colour VGA+ 80x25
[    0.004000] console [tty1] enabled
[    0.004000] console [ttyS0] enabled
[    0.004000] ACPI: Core revision 20170831
[    0.004000] ACPI: 2 ACPI AML tables successfully acquired and loaded
[    0.004000] APIC: Switch to symmetric I/O mode setup
[    0.004062] x2apic enabled
[    0.007229] Switched APIC routing to physical x2apic.
[    0.010146] ..TIMER: vector=0x30 apic1=0 pin1=2 apic2=-1 pin2=-1
[    0.012007] tsc: Detected 1600.000 MHz processor
[    0.016014] Calibrating delay loop (skipped) preset value.. 3200.00 BogoMIPS (lpj=6400000)
[    0.020010] pid_max: default: 32768 minimum: 301
[    0.024047] Security Framework initialized
[    0.028009] Yama: becoming mindful.
[    0.029854] AppArmor: AppArmor initialized
[    0.036161] Dentry cache hash table entries: 131072 (order: 8, 1048576 bytes)
[    0.040098] Inode-cache hash table entries: 65536 (order: 7, 524288 bytes)
[    0.044031] Mount-cache hash table entries: 2048 (order: 2, 16384 bytes)
[    0.048022] Mountpoint-cache hash table entries: 2048 (order: 2, 16384 bytes)
[    0.052399] Last level iTLB entries: 4KB 64, 2MB 8, 4MB 8
[    0.056007] Last level dTLB entries: 4KB 64, 2MB 0, 4MB 0, 1GB 4
[    0.060021] Spectre V1 : Mitigation: usercopy/swapgs barriers and __user pointer sanitization
[    0.064008] Spectre V2 : Mitigation: Full generic retpoline
[    0.068007] Spectre V2 : Spectre v2 / SpectreRSB mitigation: Filling RSB on context switch
[    0.072026] Speculative Store Bypass: Vulnerable
[    0.076139] MDS: Mitigation: Clear CPU buffers
[    0.080869] Freeing SMP alternatives memory: 36K
[    0.204552] smpboot: CPU0: Intel(R) Core(TM) i5-5250U CPU @ 1.60GHz (family: 0x6, model: 0x3d, stepping: 0x4)
[    0.212687] Performance Events: unsupported p6 CPU model 61 no PMU driver, software events only.
[    0.216114] Hierarchical SRCU implementation.
[    0.221126] NMI watchdog: Perf event create on CPU 0 failed with -2
[    0.224006] NMI watchdog: Perf NMI watchdog permanently disabled
[    0.228282] smp: Bringing up secondary CPUs ...
[    0.232249] x86: Booting SMP configuration:
[    0.235288] .... node  #0, CPUs:      #1
[    0.004000] kvm-clock: cpu 1, msr 0:3ff44041, secondary cpu clock
[    0.246043] smp: Brought up 1 node, 2 CPUs
[    0.248014] smpboot: Max logical packages: 1
[    0.252007] smpboot: Total of 2 processors activated (6400.00 BogoMIPS)
[    0.254293] devtmpfs: initialized
[    0.256187] x86/mm: Memory block size: 128MB
[    0.260245] evm: security.selinux
[    0.261650] evm: security.SMACK64
[    0.262910] evm: security.SMACK64EXEC
[    0.264006] evm: security.SMACK64TRANSMUTE
[    0.266532] evm: security.SMACK64MMAP
[    0.268008] evm: security.apparmor
[    0.272007] evm: security.ima
[    0.274297] evm: security.capability
[    0.276320] clocksource: jiffies: mask: 0xffffffff max_cycles: 0xffffffff, max_idle_ns: 7645041785100000 ns
[    0.280036] futex hash table entries: 512 (order: 3, 32768 bytes)
[    0.286489] pinctrl core: initialized pinctrl subsystem
[    0.288214] RTC time: 10:00:02, date: 03/17/20
[    0.292431] NET: Registered protocol family 16
[    0.296164] audit: initializing netlink subsys (disabled)
[    0.300114] audit: type=2000 audit(1584439212.703:1): state=initialized audit_enabled=0 res=1
[    0.304014] cpuidle: using governor ladder
[    0.305739] cpuidle: using governor menu
[    0.308067] ACPI: bus type PCI registered
[    0.309396] acpiphp: ACPI Hot Plug PCI Controller Driver version: 0.5
[    0.312209] PCI: Using configuration type 1 for base access
[    0.320519] HugeTLB registered 2.00 MiB page size, pre-allocated 0 pages
[    0.324335] ACPI: Added _OSI(Module Device)
[    0.326523] ACPI: Added _OSI(Processor Device)
[    0.328020] ACPI: Added _OSI(3.0 _SCP Extensions)
[    0.330533] ACPI: Added _OSI(Processor Aggregator Device)
[    0.332038] ACPI: Added _OSI(Linux-Dell-Video)
[    0.336011] ACPI: Added _OSI(Linux-Lenovo-NV-HDMI-Audio)
[    0.340011] ACPI: Added _OSI(Linux-HPI-Hybrid-Graphics)
[    0.344575] ACPI: Executed 1 blocks of module-level executable AML code
[    0.357782] ACPI: Interpreter enabled
[    0.359508] ACPI: (supports S0 S5)
[    0.360007] ACPI: Using IOAPIC for interrupt routing
[    0.364368] PCI: Using host bridge windows from ACPI; if necessary, use "pci=nocrs" and report a bug
[    0.369391] ACPI: Enabled 2 GPEs in block 00 to 07
[    0.387817] ACPI: PCI Root Bridge [PCI0] (domain 0000 [bus 00-ff])
[    0.388020] acpi PNP0A03:00: _OSC: OS supports [ASPM ClockPM Segments MSI]
[    0.392753] acpi PNP0A03:00: _OSC: not requesting OS control; OS requires [ExtendedConfig ASPM ClockPM MSI]
[    0.396027] acpi PNP0A03:00: fail to add MMCONFIG information, can't access extended PCI configuration space under this bridge.
[    0.401024] PCI host bridge to bus 0000:00
[    0.404012] pci_bus 0000:00: root bus resource [io  0x0000-0x0cf7 window]
[    0.408011] pci_bus 0000:00: root bus resource [io  0x0d00-0xffff window]
[    0.410673] pci_bus 0000:00: root bus resource [mem 0x000a0000-0x000bffff window]
[    0.412017] pci_bus 0000:00: root bus resource [mem 0x40000000-0xfdffffff window]
[    0.416015] pci_bus 0000:00: root bus resource [bus 00-ff]
[    0.430579] pci 0000:00:01.1: legacy IDE quirk: reg 0x10: [io  0x01f0-0x01f7]
[    0.432010] pci 0000:00:01.1: legacy IDE quirk: reg 0x14: [io  0x03f6]
[    0.436015] pci 0000:00:01.1: legacy IDE quirk: reg 0x18: [io  0x0170-0x0177]
[    0.440022] pci 0000:00:01.1: legacy IDE quirk: reg 0x1c: [io  0x0376]
[    0.535061] pci 0000:00:07.0: quirk: [io  0x4000-0x403f] claimed by PIIX4 ACPI
[    0.536040] pci 0000:00:07.0: quirk: [io  0x4100-0x410f] claimed by PIIX4 SMB
[    0.554068] ACPI: PCI Interrupt Link [LNKA] (IRQs 5 9 10 *11)
[    0.557356] ACPI: PCI Interrupt Link [LNKB] (IRQs 5 9 *10 11)
[    0.560449] ACPI: PCI Interrupt Link [LNKC] (IRQs 5 *9 10 11)
[    0.564332] ACPI: PCI Interrupt Link [LNKD] (IRQs 5 9 10 *11)
[    0.568756] SCSI subsystem initialized
[    0.572156] pci 0000:00:02.0: vgaarb: setting as boot VGA device
[    0.576000] pci 0000:00:02.0: vgaarb: VGA device added: decodes=io+mem,owns=io+mem,locks=none
[    0.576018] pci 0000:00:02.0: vgaarb: bridge control possible
[    0.580009] vgaarb: loaded
[    0.588190] ACPI: bus type USB registered
[    0.590911] usbcore: registered new interface driver usbfs
[    0.592151] usbcore: registered new interface driver hub
[    0.596053] usbcore: registered new device driver usb
[    0.600106] EDAC MC: Ver: 3.0.0
[    0.604945] PCI: Using ACPI for IRQ routing
[    0.608558] NetLabel: Initializing
[    0.610678] NetLabel:  domain hash size = 128
[    0.612005] NetLabel:  protocols = UNLABELED CIPSOv4 CALIPSO
[    0.616080] NetLabel:  unlabeled traffic allowed by default
[    0.620271] clocksource: Switched to clocksource kvm-clock
[    0.647388] VFS: Disk quotas dquot_6.6.0
[    0.649434] VFS: Dquot-cache hash table entries: 512 (order 0, 4096 bytes)
[    0.652612] AppArmor: AppArmor Filesystem Enabled
[    0.654959] pnp: PnP ACPI init
[    0.660966] pnp: PnP ACPI: found 3 devices
[    0.688615] clocksource: acpi_pm: mask: 0xffffff max_cycles: 0xffffff, max_idle_ns: 2085701024 ns
[    0.693300] NET: Registered protocol family 2
[    0.695889] TCP established hash table entries: 8192 (order: 4, 65536 bytes)
[    0.700140] TCP bind hash table entries: 8192 (order: 5, 131072 bytes)
[    0.704103] TCP: Hash tables configured (established 8192 bind 8192)
[    0.707872] UDP hash table entries: 512 (order: 2, 16384 bytes)
[    0.709718] UDP-Lite hash table entries: 512 (order: 2, 16384 bytes)
[    0.713670] NET: Registered protocol family 1
[    0.717213] pci 0000:00:00.0: Limiting direct PCI/PCI transfers
[    0.719394] pci 0000:00:01.0: Activating ISA DMA hang workarounds
[    0.721520] pci 0000:00:02.0: Video device with shadowed ROM at [mem 0x000c0000-0x000dffff]
[    0.724581] Unpacking initramfs...
[    1.463437] Freeing initrd memory: 19204K
[    1.471444] clocksource: tsc: mask: 0xffffffffffffffff max_cycles: 0x171024fa93b, max_idle_ns: 440795253189 ns
[    1.492259] platform rtc_cmos: registered platform RTC device (no PNP device found)
[    1.499274] Scanning for low memory corruption every 60 seconds
[    1.510220] Initialise system trusted keyrings
[    1.514480] Key type blacklist registered
[    1.519473] workingset: timestamp_bits=36 max_order=18 bucket_order=0
[    1.532506] zbud: loaded
[    1.540838] squashfs: version 4.0 (2009/01/31) Phillip Lougher
[    1.547784] fuse init (API version 7.26)
[    1.581040] Key type asymmetric registered
[    1.585194] Asymmetric key parser 'x509' registered
[    1.589392] Block layer SCSI generic (bsg) driver version 0.4 loaded (major 246)
[    1.594595] io scheduler noop registered
[    1.597469] io scheduler deadline registered
[    1.600456] io scheduler cfq registered (default)
[    1.603195] ACPI: AC Adapter [AC] (off-line)
[    1.605681] input: Power Button as /devices/LNXSYSTM:00/LNXPWRBN:00/input/input0
[    1.609836] ACPI: Power Button [PWRF]
[    1.613919] input: Sleep Button as /devices/LNXSYSTM:00/LNXSLPBN:00/input/input1
[    1.620450] ACPI: Sleep Button [SLPF]
[    1.623884] Serial: 8250/16550 driver, 32 ports, IRQ sharing enabled
[    1.629119] ACPI: Battery Slot [BAT0 (battery present)
[    1.726783] 00:02: ttyS0 at I/O 0x3f8 (irq = 4, base_baud = 115200) is a 16550A
[    1.744953] Linux agpgart interface v0.103
[    1.751382] loop: module loaded
[    1.758150] scsi host0: ata_piix
[    1.765353] scsi host1: ata_piix
[    1.768880] ata1: PATA max UDMA/33 cmd 0x1f0 ctl 0x3f6 bmdma 0xd000 irq 14
[    1.778492] ata2: PATA max UDMA/33 cmd 0x170 ctl 0x376 bmdma 0xd008 irq 15
[    1.806343] libphy: Fixed MDIO Bus: probed
[    1.808110] tun: Universal TUN/TAP device driver, 1.6
[    1.814546] PPP generic driver version 2.4.2
[    1.816834] ehci_hcd: USB 2.0 'Enhanced' Host Controller (EHCI) Driver
[    1.819443] ehci-pci: EHCI PCI platform driver
[    1.821341] ehci-platform: EHCI generic platform driver
[    1.822980] ohci_hcd: USB 1.1 'Open' Host Controller (OHCI) Driver
[    1.825666] ohci-pci: OHCI PCI platform driver
[    1.828732] ohci-platform: OHCI generic platform driver
[    1.833369] uhci_hcd: USB Universal Host Controller Interface driver
[    1.836882] i8042: PNP: PS/2 Controller [PNP0303:PS2K,PNP0f03:PS2M] at 0x60,0x64 irq 1,12
[    1.843726] serio: i8042 KBD port at 0x60,0x64 irq 1
[    1.850748] serio: i8042 AUX port at 0x60,0x64 irq 12
[    1.853667] mousedev: PS/2 mouse device common for all mice
[    1.857126] input: AT Translated Set 2 keyboard as /devices/platform/i8042/serio0/input/input2
[    1.866531] rtc_cmos rtc_cmos: rtc core: registered rtc_cmos as rtc0
[    1.870245] rtc_cmos rtc_cmos: alarms up to one day, 114 bytes nvram
[    1.876922] i2c /dev entries driver
[    1.878673] device-mapper: uevent: version 1.0.3
[    1.883097] device-mapper: ioctl: 4.37.0-ioctl (2017-09-20) initialised: dm-devel@redhat.com
[    1.887341] ledtrig-cpu: registered to indicate activity on CPUs
[    1.894615] NET: Registered protocol family 10
[    1.906041] Segment Routing with IPv6
[    1.907878] NET: Registered protocol family 17
[    1.910759] Key type dns_resolver registered
[    1.917500] mce: Using 0 MCE banks
[    1.921068] RAS: Correctable Errors collector initialized.
[    1.923800] sched_clock: Marking stable (1920955592, 0)->(3474321102, -1553365510)
[    1.928728] registered taskstats version 1
[    1.931167] Loading compiled-in X.509 certificates
[    1.941267] Loaded X.509 cert 'Build time autogenerated kernel key: f0020782f0d3a548186fb3f47aed88387a71e859'
[    1.947285] zswap: loaded using pool lzo/zbud
[    1.956218] Key type big_key registered
[    1.958157] Key type trusted registered
[    1.997606] Key type encrypted registered
[    2.002634] AppArmor: AppArmor sha1 policy hashing enabled
[    2.005872] ima: No TPM chip found, activating TPM-bypass! (rc=-19)
[    2.010219] ima: Allocated hash algorithm: sha1
[    2.013191] evm: HMAC attrs: 0x1
[    2.016981]   Magic number: 12:279:22
[    2.019281] rtc_cmos rtc_cmos: setting system clock to 2020-03-17 10:00:04 UTC (1584439204)
[    2.023732] BIOS EDD facility v0.16 2004-Jun-25, 0 devices found
[    2.027569] EDD information not available.
[    2.034016] Freeing unused kernel image memory: 2428K
[    2.168786] Write protecting the kernel read-only data: 20480k
[    2.174323] Freeing unused kernel image memory: 2008K
[    2.177034] Freeing unused kernel image memory: 1880K
[    2.189650] x86/mm: Checked W+X mappings: passed, no W+X pages found.
[    2.193000] x86/mm: Checking user space page tables
[    2.207290] x86/mm: Checked W+X mappings: passed, no W+X pages found.
Loading, please wait...
starting version 237
[    2.373378] e1000: Intel(R) PRO/1000 Network Driver - version 7.3.21-k8-NAPI
[    2.377578] e1000: Copyright (c) 1999-2006 Intel Corporation.
[    2.406690] Fusion MPT base driver 3.04.20
[    2.424942] Copyright (c) 1999-2008 LSI Corporation
[    2.486940] AVX2 version of gcm_enc/dec engaged.
[    2.495132] AES CTR mode by8 optimization enabled
[    2.618547] Fusion MPT SPI Host driver 3.04.20
[    2.769267] input: ImExPS/2 Generic Explorer Mouse as /devices/platform/i8042/serio1/input/input4
[    3.421535] e1000 0000:00:03.0 eth0: (PCI:33MHz:32-bit) 02:63:41:f1:0e:ed
[    3.424577] e1000 0000:00:03.0 eth0: Intel(R) PRO/1000 Network Connection
[    3.429892] mptbase: ioc0: Initiating bringup
[    3.432448] e1000 0000:00:03.0 enp0s3: renamed from eth0
[    3.569194] ioc0: LSI53C1030 A0: Capabilities={Initiator}
[    5.474561] scsi host2: ioc0: LSI53C1030 A0, FwRev=00000000h, Ports=1, MaxQ=256, IRQ=20
[    7.378689] scsi 2:0:0:0: Direct-Access     VBOX     HARDDISK         1.0  PQ: 0 ANSI: 5
[    7.416425] scsi target2:0:0: Beginning Domain Validation
[    7.446028] scsi target2:0:0: Domain Validation skipping write tests
[    7.463916] scsi target2:0:0: Ending Domain Validation
[    7.470751] scsi target2:0:0: asynchronous
[    7.478455] random: fast init done
[    7.480912] scsi 2:0:1:0: Direct-Access     VBOX     HARDDISK         1.0  PQ: 0 ANSI: 5
[    8.052308] scsi target2:0:1: Beginning Domain Validation
[    8.059817] scsi target2:0:1: Domain Validation skipping write tests
[    8.063421] scsi target2:0:1: Ending Domain Validation
[    8.068881] scsi target2:0:1: asynchronous
[    8.097703] random: systemd-udevd: uninitialized urandom read (16 bytes read)
[    8.103134] random: systemd-udevd: uninitialized urandom read (16 bytes read)
[    8.110116] random: systemd-udevd: uninitialized urandom read (16 bytes read)
[    8.116122] sd 2:0:0:0: Attached scsi generic sg0 type 0
[    8.122075] sd 2:0:0:0: [sda] 20971520 512-byte logical blocks: (10.7 GB/10.0 GiB)
[    8.122784] sd 2:0:1:0: [sdb] 20480 512-byte logical blocks: (10.5 MB/10.0 MiB)
[    8.138365] sd 2:0:1:0: Attached scsi generic sg1 type 0
[    8.141259] sd 2:0:0:0: [sda] Write Protect is off
[    8.144817] sd 2:0:1:0: [sdb] Write Protect is off
[    8.148593] sd 2:0:1:0: [sdb] Incomplete mode parameter data
[    8.153275] sd 2:0:1:0: [sdb] Assuming drive cache: write through
[    8.156603] sd 2:0:0:0: [sda] Incomplete mode parameter data
[    8.160072] sd 2:0:0:0: [sda] Assuming drive cache: write through
[    8.170514]  sda: sda1
[    8.175180] sd 2:0:0:0: [sda] Attached SCSI disk
[    8.175540] sd 2:0:1:0: [sdb] Attached SCSI disk
Begin: Loading essential drivers ... [   10.108683] raid6: sse2x1   gen()  1283 MB/s
[   10.160326] raid6: sse2x1   xor()  1302 MB/s
[   10.212521] raid6: sse2x2   gen()  2358 MB/s
[   10.266579] raid6: sse2x2   xor()  1242 MB/s
[   10.328166] raid6: sse2x4   gen()  2104 MB/s
[   10.380809] raid6: sse2x4   xor()   806 MB/s
[   10.453925] raid6: avx2x1   gen()  1498 MB/s
[   10.509125] raid6: avx2x1   xor()  2658 MB/s
[   10.571069] raid6: avx2x2   gen()  1879 MB/s
[   10.632615] raid6: avx2x2   xor()  1388 MB/s
[   10.688350] raid6: avx2x4   gen()  7684 MB/s
[   10.740140] raid6: avx2x4   xor()  5779 MB/s
[   10.742477] raid6: using algorithm avx2x4 gen() 7684 MB/s
[   10.745033] raid6: .... xor() 5779 MB/s, rmw enabled
[   10.747634] raid6: using avx2x2 recovery algorithm
[   10.758099] xor: automatically using best checksumming function   avx       
[   10.768967] async_tx: api initialized (async)
done.
Begin: Running /scripts/init-premount ... done.
Begin: Mounting root file system ... Begin: Running /scripts/local-top ... done.
Begin: Running /scripts/local-premount ... [   10.894593] Btrfs loaded, crc32c=crc32c-intel
Scanning for Btrfs filesystems
done.
Warning: fsck not present, so skipping root file system
[   11.051080] EXT4-fs (sda1): INFO: recovery required on readonly filesystem
[   11.056235] EXT4-fs (sda1): write access will be enabled during recovery
[   11.159729] EXT4-fs (sda1): recovery complete
[   11.163570] EXT4-fs (sda1): mounted filesystem with ordered data mode. Opts: (null)
done.
Begin: Running /scripts/local-bottom ... done.
Begin: Running /scripts/init-bottom ... done.
[   11.717457] ip_tables: (C) 2000-2006 Netfilter Core Team
[   11.782702] systemd[1]: systemd 237 running in system mode. (+PAM +AUDIT +SELINUX +IMA +APPARMOR +SMACK +SYSVINIT +UTMP +LIBCRYPTSETUP +GCRYPT +GNUTLS +ACL +XZ +LZ4 +SECCOMP +BLKID +ELFUTILS +KMOD -IDN2 +IDN -PCRE2 default-hierarchy=hybrid)
[   11.819816] systemd[1]: Detected virtualization oracle.
[   11.829100] systemd[1]: Detected architecture x86-64.

Welcome to [1mUbuntu 18.04.4 LTS[0m!

[   12.170979] systemd[1]: Set hostname to <ubuntu-bionic>.
[   13.049574] systemd[1]: Reached target System Time Synchronized.
[[0;32m  OK  [0m] Reached target System Time Synchronized.
[   13.159656] systemd[1]: Started Forward Password Requests to Wall Directory Watch.
[[0;32m  OK  [0m] Started Forward Password Requests to Wall Directory Watch.
[   13.181773] systemd[1]: Set up automount Arbitrary Executable File Formats File System Automount Point.
[[0;32m  OK  [0m] Set up automount Arbitrary Executabâ€¦rmats File System Automount Point.
[   13.214263] systemd[1]: Reached target User and Group Name Lookups.
[[0;32m  OK  [0m] Reached target User and Group Name Lookups.
[   13.254332] systemd[1]: Created slice System Slice.
[[0;32m  OK  [0m] Created slice System Slice.
[   13.276709] systemd[1]: Listening on Network Service Netlink Socket.
[[0;32m  OK  [0m] Listening on Network Service Netlink Socket.
[[0;32m  OK  [0m] Listening on LVM2 poll daemon socket.
[[0;32m  OK  [0m] Listening on /dev/initctl Compatibility Named Pipe.
[[0;32m  OK  [0m] Listening on LVM2 metadata daemon socket.
[[0;32m  OK  [0m] Listening on udev Control Socket.
[[0;32m  OK  [0m] Listening on Journal Socket.
         Starting Uncomplicated firewall...
         Starting Load Kernel Modules...
         Starting Set the console keyboard layout...
[   13.373785] Loading iSCSI transport class v2.0-870.
         Mounting POSIX Message Queue File System...
[   13.388127] iscsi: registered transport (tcp)
[[0;32m  OK  [0m] Reached target Swap.
[[0;32m  OK  [0m] Listening on Device-mapper event daemon FIFOs.
         Starting Monitoring of LVM2 mirrorsâ€¦ng dmeventd or progress polling...
[[0;32m  OK  [0m] Listening on udev Kernel Socket.
[   13.429426] iscsi: registered transport (iser)
[[0;32m  OK  [0m] Created slice system-serial\x2dgetty.slice.
         Starting Remount Root and Kernel File Systems...
[[0;32m  OK  [0m] Listening on Syslog Socket.
[[0;32m  OK  [0m] Listening on Journal Socket (/dev/log).
[[0;32m  OK  [0m] Listening on Journal Audit Socket.
         Starting Journal Service...
         Mounting Kernel Debug File System...
[   13.557116] EXT4-fs (sda1): re-mounted. Opts: (null)
         Starting udev Coldplug all Devices...
[[0;32m  OK  [0m] Created slice User and Session Slice.
[[0;32m  OK  [0m] Reached target Slices.
         Mounting Huge Pages File System...
         Starting Create list of required stâ€¦ce nodes for the current kernel...
[[0;32m  OK  [0m] Started Uncomplicated firewall.
[[0;32m  OK  [0m] Started Load Kernel Modules.
[[0;32m  OK  [0m] Mounted POSIX Message Queue File System.
[[0;32m  OK  [0m] Started Remount Root and Kernel File Systems.
[[0;32m  OK  [0m] Mounted Kernel Debug File System.
[[0;32m  OK  [0m] Mounted Huge Pages File System.
[[0;32m  OK  [0m] Started Create list of required staâ€¦vice nodes for the current kernel.
[[0;32m  OK  [0m] Started LVM2 metadata daemon.
         Starting Create Static Device Nodes in /dev...
         Starting Load/Save Random Seed...
         Mounting FUSE Control File System...
         Mounting Kernel Configuration File System...
         Starting Apply Kernel Variables...
[[0;32m  OK  [0m] Mounted FUSE Control File System.
[[0;32m  OK  [0m] Mounted Kernel Configuration File System.
[[0;32m  OK  [0m] Started Load/Save Random Seed.
[   13.820866] random: crng init done
[   13.822572] random: 7 urandom warning(s) missed due to ratelimiting
[[0;32m  OK  [0m] Started Monitoring of LVM2 mirrors,â€¦sing dmeventd or progress polling.
[[0;32m  OK  [0m] Started Apply Kernel Variables.
[[0;32m  OK  [0m] Started Journal Service.
         Starting Flush Journal to Persistent Storage...
[[0;32m  OK  [0m] Started Create Static Device Nodes in /dev.
         Starting udev Kernel Device Manager...
[[0;32m  OK  [0m] Started Set the console keyboard layout.
[[0;32m  OK  [0m] Started udev Coldplug all Devices.
[[0;32m  OK  [0m] Reached target Local File Systems (Pre).
[[0;32m  OK  [0m] Reached target Local File Systems.
         Starting Tell Plymouth To Write Out Runtime Data...
         Starting Set console font and keymap...
         Starting ebtables ruleset management...
         Starting AppArmor initialization...
[[0;32m  OK  [0m] Started Tell Plymouth To Write Out Runtime Data.
[[0;32m  OK  [0m] Started Set console font and keymap.
[[0;32m  OK  [0m] Started udev Kernel Device Manager.
[[0;32m  OK  [0m] Started Dispatch Password Requests to Console Directory Watch.
[[0;32m  OK  [0m] Reached target Local Encrypted Volumes.
[[0;32m  OK  [0m] Started ebtables ruleset management.
[[0;32m  OK  [0m] Started Flush Journal to Persistent Storage.
         Starting Create Volatile Files and Directories...
[[0;32m  OK  [0m] Started Create Volatile Files and Directories.
         Starting Update UTMP about System Boot/Shutdown...
[[0;32m  OK  [0m] Started Update UTMP about System Boot/Shutdown.
[[0;32m  OK  [0m] Started AppArmor initialization.
         Starting Initial cloud-init job (pre-networking)...
[[0;32m  OK  [0m] Found device /dev/ttyS0.
[[0;32m  OK  [0m] Listening on Load/Save RF Kill Switch Status /dev/rfkill Watch.
[   21.354541] cloud-init[503]: Cloud-init v. 19.4-33-gbb4131a2-0ubuntu1~18.04.1 running 'init-local' at Tue, 17 Mar 2020 10:00:23 +0000. Up 20.70 seconds.
[[0;32m  OK  [0m] Started Initial cloud-init job (pre-networking).
[[0;32m  OK  [0m] Reached target Network (Pre).
         Starting Network Service...
[[0;32m  OK  [0m] Started Network Service.
         Starting Network Name Resolution...
         Starting Wait for Network to be Configured...
[[0;32m  OK  [0m] Started Network Name Resolution.
[[0;32m  OK  [0m] Reached target Network.
[[0;32m  OK  [0m] Reached target Host and Network Name Lookups.
[[0;32m  OK  [0m] Started Wait for Network to be Configured.
         Starting Initial cloud-init job (metadata service crawler)...
[   28.506740] cloud-init[646]: Cloud-init v. 19.4-33-gbb4131a2-0ubuntu1~18.04.1 running 'init' at Tue, 17 Mar 2020 10:00:29 +0000. Up 27.36 seconds.
[   28.516743] cloud-init[646]: ci-info: +++++++++++++++++++++++++++++++++++++Net device info++++++++++++++++++++++++++++++++++++++
[   28.536718] cloud-init[646]: ci-info: +--------+------+---------------------------+---------------+--------+-------------------+
[   28.543393] cloud-init[646]: ci-info: | Device |  Up  |          Address          |      Mask     | Scope  |     Hw-Address    |
[   28.550852] cloud-init[646]: ci-info: +--------+------+---------------------------+---------------+--------+-------------------+
[   28.568859] cloud-init[646]: ci-info: | enp0s3 | True |         10.0.2.15         | 255.255.255.0 | global | 02:63:41:f1:0e:ed |
[   28.574160] cloud-init[646]: ci-info: | enp0s3 | True | fe80::63:41ff:fef1:eed/64 |       .       |  link  | 02:63:41:f1:0e:ed |
[   28.581091] cloud-init[646]: ci-info: |   lo   | True |         127.0.0.1         |   255.0.0.0   |  host  |         .         |
[   28.588749] cloud-init[646]: ci-info: |   lo   | True |          ::1/128          |       .       |  host  |         .         |
[   28.596068] cloud-init[646]: ci-info: +--------+------+---------------------------+---------------+--------+-------------------+
[   28.612696] cloud-init[646]: ci-info: ++++++++++++++++++++++++++++Route IPv4 info+++++++++++++++++++++++++++++
[   28.617300] cloud-init[646]: ci-info: +-------+-------------+----------+-----------------+-----------+-------+
[   28.622474] cloud-init[646]: ci-info: | Route | Destination | Gateway  |     Genmask     | Interface | Flags |
[   28.627469] cloud-init[646]: ci-info: +-------+-------------+----------+-----------------+-----------+-------+
[   28.632483] cloud-init[646]: ci-info: |   0   |   0.0.0.0   | 10.0.2.2 |     0.0.0.0     |   enp0s3  |   UG  |
[   28.637033] cloud-init[646]: ci-info: |   1   |   10.0.2.0  | 0.0.0.0  |  255.255.255.0  |   enp0s3  |   U   |
[   28.642143] cloud-init[646]: ci-info: |   2   |   10.0.2.2  | 0.0.0.0  | 255.255.255.255 |   enp0s3  |   UH  |
[   28.648417] cloud-init[646]: ci-info: +-------+-------------+----------+-----------------+-----------+-------+
[   28.654351] cloud-init[646]: ci-info: +++++++++++++++++++Route IPv6 info+++++++++++++++++++
[   28.657585] cloud-init[646]: ci-info: +-------+-------------+---------+-----------+-------+
[   28.672957] cloud-init[646]: ci-info: | Route | Destination | Gateway | Interface | Flags |
[   28.679617] cloud-init[646]: ci-info: +-------+-------------+---------+-----------+-------+
[   28.684772] cloud-init[646]: ci-info: |   1   |  fe80::/64  |    ::   |   enp0s3  |   U   |
[   28.690333] cloud-init[646]: ci-info: |   3   |    local    |    ::   |   enp0s3  |   U   |
[   28.705193] cloud-init[646]: ci-info: |   4   |   ff00::/8  |    ::   |   enp0s3  |   U   |
[   28.721018] cloud-init[646]: ci-info: +-------+-------------+---------+-----------+-------+
[[0;32m  OK  [0m] Started Initial cloud-init job (metadata service crawler).
[[0;32m  OK  [0m] Reached target Cloud-config availability.
[[0;32m  OK  [0m] Reached target System Initialization.
         Starting LXD - unix socket.
[[0;32m  OK  [0m] Started Daily Cleanup of Temporary Directories.
[[0;32m  OK  [0m] Listening on UUID daemon activation socket.
         Starting Socket activation for snappy daemon.
[[0;32m  OK  [0m] Started Discard unused blocks once a week.
[[0;32m  OK  [0m] Started Daily apt download activities.
[[0;32m  OK  [0m] Started ACPI Events Check.
[[0;32m  OK  [0m] Started Message of the Day.
[[0;32m  OK  [0m] Listening on D-Bus System Message Bus Socket.
[[0;32m  OK  [0m] Started Daily apt upgrade and clean activities.
[[0;32m  OK  [0m] Reached target Paths.
[[0;32m  OK  [0m] Listening on ACPID Listen Socket.
[[0;32m  OK  [0m] Reached target Timers.
[[0;32m  OK  [0m] Listening on Open-iSCSI iscsid Socket.
[[0;32m  OK  [0m] Reached target Network is Online.
[[0;32m  OK  [0m] Reached target Remote File Systems (Pre).
[[0;32m  OK  [0m] Reached target Remote File Systems.
         Starting Availability of block devices...
[[0;32m  OK  [0m] Listening on LXD - unix socket.
[[0;32m  OK  [0m] Listening on Socket activation for snappy daemon.
[[0;32m  OK  [0m] Reached target Sockets.
[[0;32m  OK  [0m] Reached target Basic System.
         Starting Virtualbox guest utils...
         Starting LSB: Record successful boot for GRUB...
         Starting LXD - container startup/shutdown...
[[0;32m  OK  [0m] Started FUSE filesystem for LXC.
[[0;32m  OK  [0m] Started irqbalance daemon.
[[0;32m  OK  [0m] Started Deferred execution scheduler.
         Starting Snappy daemon...
         Starting Permit User Sessions...
[[0;32m  OK  [0m] Started Regular background program processing daemon.
         Starting Accounts Service...
         Starting System Logging Service...
         Starting Dispatcher daemon for systemd-networkd...
         Starting OpenBSD Secure Shell server...
         Starting LSB: automatic crash report generation...
         Starting Login Service...
[[0;32m  OK  [0m] Started D-Bus System Message Bus.
[[0;32m  OK  [0m] Started Login Service.
[[0;32m  OK  [0m] Started Unattended Upgrades Shutdown.
[[0;32m  OK  [0m] Started System Logging Service.
[[0;32m  OK  [0m] Started Availability of block devices.
[[0;32m  OK  [0m] Started Permit User Sessions.
         Starting Hold until boot process finishes up...
         Starting Terminate Plymouth Boot Screen...
[[0;32m  OK  [0m] Started Terminate Plymouth Boot Screen.
[[0;32m  OK  [0m] Started Hold until boot process finishes up.
[[0;32m  OK  [0m] Started OpenBSD Secure Shell server.
         Starting Set console scheme...
[[0;32m  OK  [0m] Started Serial Getty on ttyS0.
[[0;32m  OK  [0m] Started Set console scheme.
[[0;32m  OK  [0m] Created slice system-getty.slice.
[[0;32m  OK  [0m] Started Getty on tty1.
[[0;32m  OK  [0m] Reached target Login Prompts.
[[0;32m  OK  [0m] Started LSB: automatic crash report generation.
         Starting Authorization Manager...
[[0;32m  OK  [0m] Started LSB: Record successful boot for GRUB.
[[0;32m  OK  [0m] Started Authorization Manager.
[[0;32m  OK  [0m] Started Accounts Service.
[[0;32m  OK  [0m] Started LXD - container startup/shutdown.
[[0;32m  OK  [0m] Started Virtualbox guest utils.
[[0;32m  OK  [0m] Created slice User Slice of vagrant.
         Starting User Manager for UID 1000...
[[0;32m  OK  [0m] Started Session 1 of user vagrant.
[[0;32m  OK  [0m] Started Dispatcher daemon for systemd-networkd.
[[0;32m  OK  [0m] Started User Manager for UID 1000.
[[0;32m  OK  [0m] Started Snappy daemon.
         Starting Wait until snapd is fully seeded...
[[0;32m  OK  [0m] Started Wait until snapd is fully seeded.
         Starting Apply the settings specified in cloud-config...
[[0;32m  OK  [0m] Reached target Multi-User System.
[[0;32m  OK  [0m] Reached target Graphical Interface.
         Starting Update UTMP about System Runlevel Changes...
[[0;32m  OK  [0m] Started Update UTMP about System Runlevel Changes.

Ubuntu 18.04.4 LTS ubuntu-bionic ttyS0

ubuntu-bionic login: [   40.410409] cloud-init[934]: Cloud-init v. 19.4-33-gbb4131a2-0ubuntu1~18.04.1 running 'modules:config' at Tue, 17 Mar 2020 10:00:41 +0000. Up 38.98 seconds.
[   46.287090] cloud-init[1017]: Cloud-init v. 19.4-33-gbb4131a2-0ubuntu1~18.04.1 running 'modules:final' at Tue, 17 Mar 2020 10:00:47 +0000. Up 45.08 seconds.
[   46.287364] cloud-init[1017]: Cloud-init v. 19.4-33-gbb4131a2-0ubuntu1~18.04.1 finished at Tue, 17 Mar 2020 10:00:48 +0000. Datasource DataSourceNoCloud [seed=/dev/sdb][dsmode=net].  Up 46.26 seconds
